[    0.000000] Linux version 4.15.0-213-generic (buildd@lcy02-amd64-079) (gcc version 7.5.0 (Ubuntu 7.5.0-3ubuntu1~18.04)) #224-Ubuntu SMP Mon Jun 19 13:30:12 UTC 2023 (Ubuntu 4.15.0-213.224-generic 4.15.18)
[    0.000000] Command line: BOOT_IMAGE=/boot/vmlinuz-4.15.0-213-generic root=UUID=f685bb41-0e3b-40c4-89c1-eea0f0583525 ro console=tty1 console=ttyS0
[    0.000000] KERNEL supported cpus:
[    0.000000]   Intel GenuineIntel
[    0.000000]   AMD AuthenticAMD
[    0.000000]   Centaur CentaurHauls
[    0.000000] [Firmware Bug]: TSC doesn't count with P0 frequency!
[    0.000000] x86/fpu: x87 FPU will use FXSAVE
[    0.000000] e820: BIOS-provided physical RAM map:
[    0.000000] BIOS-e820: [mem 0x0000000000000000-0x000000000009fbff] usable
[    0.000000] BIOS-e820: [mem 0x000000000009fc00-0x000000000009ffff] reserved
[    0.000000] BIOS-e820: [mem 0x00000000000f0000-0x00000000000fffff] reserved
[    0.000000] BIOS-e820: [mem 0x0000000000100000-0x000000003ffeffff] usable
[    0.000000] BIOS-e820: [mem 0x000000003fff0000-0x000000003fffffff] ACPI data
[    0.000000] BIOS-e820: [mem 0x00000000fec00000-0x00000000fec00fff] reserved
[    0.000000] BIOS-e820: [mem 0x00000000fee00000-0x00000000fee00fff] reserved
[    0.000000] BIOS-e820: [mem 0x00000000fffc0000-0x00000000ffffffff] reserved
[    0.000000] NX (Execute Disable) protection: active
[    0.000000] SMBIOS 2.5 present.
[    0.000000] DMI: innotek GmbH VirtualBox/VirtualBox, BIOS VirtualBox 12/01/2006
[    0.000000] Hypervisor detected: KVM
[    0.000000] e820: last_pfn = 0x3fff0 max_arch_pfn = 0x400000000
[    0.000000] x86/PAT: Configuration [0-7]: WB  WC  UC- UC  WB  WP  UC- WT  
[    0.000000] CPU MTRRs all blank - virtualized system.
[    0.000000] found SMP MP-table at [mem 0x0009fbf0-0x0009fbff]
[    0.000000] Scanning 1 areas for low memory corruption
[    0.000000] RAMDISK: [mem 0x3580f000-0x36bfefff]
[    0.000000] ACPI: Early table checksum verification disabled
[    0.000000] ACPI: RSDP 0x00000000000E0000 000024 (v02 VBOX  )
[    0.000000] ACPI: XSDT 0x000000003FFF0030 00003C (v01 VBOX   VBOXXSDT 00000001 ASL  00000061)
[    0.000000] ACPI: FACP 0x000000003FFF00F0 0000F4 (v04 VBOX   VBOXFACP 00000001 ASL  00000061)
[    0.000000] ACPI: DSDT 0x000000003FFF0610 002353 (v02 VBOX   VBOXBIOS 00000002 INTL 20100528)
[    0.000000] ACPI: FACS 0x000000003FFF0200 000040
[    0.000000] ACPI: FACS 0x000000003FFF0200 000040
[    0.000000] ACPI: APIC 0x000000003FFF0240 00005C (v02 VBOX   VBOXAPIC 00000001 ASL  00000061)
[    0.000000] ACPI: SSDT 0x000000003FFF02A0 00036C (v01 VBOX   VBOXCPUT 00000002 INTL 20100528)
[    0.000000] ACPI: Reserving FACP table memory at [mem 0x3fff00f0-0x3fff01e3]
[    0.000000] ACPI: Reserving DSDT table memory at [mem 0x3fff0610-0x3fff2962]
[    0.000000] ACPI: Reserving FACS table memory at [mem 0x3fff0200-0x3fff023f]
[    0.000000] ACPI: Reserving FACS table memory at [mem 0x3fff0200-0x3fff023f]
[    0.000000] ACPI: Reserving APIC table memory at [mem 0x3fff0240-0x3fff029b]
[    0.000000] ACPI: Reserving SSDT table memory at [mem 0x3fff02a0-0x3fff060b]
[    0.000000] No NUMA configuration found
[    0.000000] Faking a node at [mem 0x0000000000000000-0x000000003ffeffff]
[    0.000000] NODE_DATA(0) allocated [mem 0x3ffc5000-0x3ffeffff]
[    0.000000] kvm-clock: cpu 0, msr 0:3ff44001, primary cpu clock
[    0.000000] kvm-clock: Using msrs 4b564d01 and 4b564d00
[    0.000000] kvm-clock: using sched offset of 3778135599 cycles
[    0.000000] clocksource: kvm-clock: mask: 0xffffffffffffffff max_cycles: 0x1cd42e4dffb, max_idle_ns: 881590591483 ns
[    0.000000] Zone ranges:
[    0.000000]   DMA      [mem 0x0000000000001000-0x0000000000ffffff]
[    0.000000]   DMA32    [mem 0x0000000001000000-0x000000003ffeffff]
[    0.000000]   Normal   empty
[    0.000000]   Device   empty
[    0.000000] Movable zone start for each node
[    0.000000] Early memory node ranges
[    0.000000]   node   0: [mem 0x0000000000001000-0x000000000009efff]
[    0.000000]   node   0: [mem 0x0000000000100000-0x000000003ffeffff]
[    0.000000] Reserved but unavailable: 104 pages
[    0.000000] Initmem setup node 0 [mem 0x0000000000001000-0x000000003ffeffff]
[    0.000000] ACPI: PM-Timer IO Port: 0x4008
[    0.000000] IOAPIC[0]: apic_id 2, version 32, address 0xfec00000, GSI 0-23
[    0.000000] ACPI: INT_SRC_OVR (bus 0 bus_irq 0 global_irq 2 dfl dfl)
[    0.000000] ACPI: INT_SRC_OVR (bus 0 bus_irq 9 global_irq 9 low level)
[    0.000000] Using ACPI (MADT) for SMP configuration information
[    0.000000] smpboot: Allowing 2 CPUs, 0 hotplug CPUs
[    0.000000] PM: Registered nosave memory: [mem 0x00000000-0x00000fff]
[    0.000000] PM: Registered nosave memory: [mem 0x0009f000-0x0009ffff]
[    0.000000] PM: Registered nosave memory: [mem 0x000a0000-0x000effff]
[    0.000000] PM: Registered nosave memory: [mem 0x000f0000-0x000fffff]
[    0.000000] e820: [mem 0x40000000-0xfebfffff] available for PCI devices
[    0.000000] Booting paravirtualized kernel on KVM
[    0.000000] clocksource: refined-jiffies: mask: 0xffffffff max_cycles: 0xffffffff, max_idle_ns: 7645519600211568 ns
[    0.000000] setup_percpu: NR_CPUS:8192 nr_cpumask_bits:2 nr_cpu_ids:2 nr_node_ids:1
[    0.000000] percpu: Embedded 50 pages/cpu s167936 r8192 d28672 u1048576
[    0.000000] PV qspinlock hash table entries: 256 (order: 0, 4096 bytes)
[    0.000000] Built 1 zonelists, mobility grouping on.  Total pages: 257913
[    0.000000] Policy zone: DMA32
[    0.000000] Kernel command line: BOOT_IMAGE=/boot/vmlinuz-4.15.0-213-generic root=UUID=f685bb41-0e3b-40c4-89c1-eea0f0583525 ro console=tty1 console=ttyS0
[    0.000000] Memory: 981756K/1048120K available (12300K kernel code, 2477K rwdata, 4324K rodata, 2480K init, 2720K bss, 66364K reserved, 0K cma-reserved)
[    0.000000] SLUB: HWalign=64, Order=0-3, MinObjects=0, CPUs=2, Nodes=1
[    0.000000] ftrace: allocating 39508 entries in 155 pages
[    0.004000] Hierarchical RCU implementation.
[    0.004000] 	RCU restricting CPUs from NR_CPUS=8192 to nr_cpu_ids=2.
[    0.004000] 	Tasks RCU enabled.
[    0.004000] RCU: Adjusting geometry for rcu_fanout_leaf=16, nr_cpu_ids=2
[    0.004000] NR_IRQS: 524544, nr_irqs: 440, preallocated irqs: 16
[    0.004000] random: crng init done
[    0.004000] Console: colour VGA+ 80x25
[    0.004000] console [tty1] enabled
[    0.004000] console [ttyS0] enabled
[    0.004000] ACPI: Core revision 20170831
[    0.004000] ACPI: 2 ACPI AML tables successfully acquired and loaded
[    0.004000] APIC: Switch to symmetric I/O mode setup
[    0.008000] ..TIMER: vector=0x30 apic1=0 pin1=2 apic2=-1 pin2=-1
[    0.008003] tsc: Detected 3400.036 MHz processor
[    0.012005] Calibrating delay loop (skipped) preset value.. 6800.07 BogoMIPS (lpj=13600144)
[    0.016002] pid_max: default: 32768 minimum: 301
[    0.020084] Security Framework initialized
[    0.024002] Yama: becoming mindful.
[    0.028097] AppArmor: AppArmor initialized
[    0.039012] Dentry cache hash table entries: 131072 (order: 8, 1048576 bytes)
[    0.042344] Inode-cache hash table entries: 65536 (order: 7, 524288 bytes)
[    0.044082] Mount-cache hash table entries: 2048 (order: 2, 16384 bytes)
[    0.048083] Mountpoint-cache hash table entries: 2048 (order: 2, 16384 bytes)
[    0.053594] Last level iTLB entries: 4KB 512, 2MB 512, 4MB 256
[    0.056002] Last level dTLB entries: 4KB 2048, 2MB 2048, 4MB 1024, 1GB 0
[    0.060002] Spectre V1 : Mitigation: usercopy/swapgs barriers and __user pointer sanitization
[    0.064002] Spectre V2 : Mitigation: Retpolines
[    0.068002] Spectre V2 : Spectre v2 / SpectreRSB mitigation: Filling RSB on context switch
[    0.072002] Spectre V2 : Spectre v2 / SpectreRSB : Filling RSB on VMEXIT
[    0.076133] Freeing SMP alternatives memory: 36K
[    0.189995] smpboot: CPU0: AMD Ryzen 7 5800X3D 8-Core Processor (family: 0x19, model: 0x21, stepping: 0x2)
[    0.192514] Performance Events: PMU not available due to virtualization, using software events only.
[    0.196107] Hierarchical SRCU implementation.
[    0.200799] NMI watchdog: Perf event create on CPU 0 failed with -2
[    0.204002] NMI watchdog: Perf NMI watchdog permanently disabled
[    0.208384] smp: Bringing up secondary CPUs ...
[    0.213191] x86: Booting SMP configuration:
[    0.216002] .... node  #0, CPUs:      #1
[    0.004000] kvm-clock: cpu 1, msr 0:3ff44041, secondary cpu clock
[    0.227820] TSC synchronization [CPU#0 -> CPU#1]:
[    0.228000] Measured 61813 cycles TSC warp between CPUs, turning off TSC clock.
[    0.228000] tsc: Marking TSC unstable due to check_tsc_sync_source failed
[    0.232218] smp: Brought up 1 node, 2 CPUs
[    0.235696] smpboot: Max logical packages: 1
[    0.236004] smpboot: Total of 2 processors activated (13600.14 BogoMIPS)
[    0.240707] devtmpfs: initialized
[    0.244493] x86/mm: Memory block size: 128MB
[    0.252465] evm: security.selinux
[    0.256002] evm: security.SMACK64
[    0.260002] evm: security.SMACK64EXEC
[    0.264002] evm: security.SMACK64TRANSMUTE
[    0.268002] evm: security.SMACK64MMAP
[    0.272002] evm: security.apparmor
[    0.276002] evm: security.ima
[    0.280002] evm: security.capability
[    0.288098] clocksource: jiffies: mask: 0xffffffff max_cycles: 0xffffffff, max_idle_ns: 7645041785100000 ns
[    0.292005] futex hash table entries: 512 (order: 3, 32768 bytes)
[    0.296339] pinctrl core: initialized pinctrl subsystem
[    0.300406] RTC time:  7:23:49, date: 04/10/25
[    0.305084] NET: Registered protocol family 16
[    0.308132] audit: initializing netlink subsys (disabled)
[    0.316269] audit: type=2000 audit(1744269834.210:1): state=initialized audit_enabled=0 res=1
[    0.320005] cpuidle: using governor ladder
[    0.328006] cpuidle: using governor menu
[    0.336167] ACPI: bus type PCI registered
[    0.340003] acpiphp: ACPI Hot Plug PCI Controller Driver version: 0.5
[    0.344549] PCI: Using configuration type 1 for base access
[    0.348002] PCI: Using configuration type 1 for extended access
[    0.360212] HugeTLB registered 2.00 MiB page size, pre-allocated 0 pages
[    0.368345] ACPI: Added _OSI(Module Device)
[    0.372003] ACPI: Added _OSI(Processor Device)
[    0.376002] ACPI: Added _OSI(3.0 _SCP Extensions)
[    0.380002] ACPI: Added _OSI(Processor Aggregator Device)
[    0.384003] ACPI: Added _OSI(Linux-Dell-Video)
[    0.388003] ACPI: Added _OSI(Linux-Lenovo-NV-HDMI-Audio)
[    0.392003] ACPI: Added _OSI(Linux-HPI-Hybrid-Graphics)
[    0.396915] ACPI: Executed 1 blocks of module-level executable AML code
[    0.406427] ACPI: Interpreter enabled
[    0.412010] ACPI: (supports S0 S5)
[    0.416002] ACPI: Using IOAPIC for interrupt routing
[    0.420392] PCI: Using host bridge windows from ACPI; if necessary, use "pci=nocrs" and report a bug
[    0.428206] ACPI: Enabled 2 GPEs in block 00 to 07
[    0.441335] ACPI: PCI Root Bridge [PCI0] (domain 0000 [bus 00-ff])
[    0.448006] acpi PNP0A03:00: _OSC: OS supports [ExtendedConfig ASPM ClockPM Segments MSI]
[    0.457524] acpi PNP0A03:00: _OSC: platform does not support [PCIeCapability]
[    0.460812] acpi PNP0A03:00: _OSC: not requesting control; platform does not support [PCIeCapability]
[    0.472003] acpi PNP0A03:00: _OSC: OS requested [PCIeHotplug PME AER PCIeCapability]
[    0.476003] acpi PNP0A03:00: _OSC: platform willing to grant [PCIeHotplug PME AER]
[    0.484003] acpi PNP0A03:00: _OSC failed (AE_SUPPORT); disabling ASPM
[    0.488695] PCI host bridge to bus 0000:00
[    0.492003] pci_bus 0000:00: root bus resource [io  0x0000-0x0cf7 window]
[    0.500003] pci_bus 0000:00: root bus resource [io  0x0d00-0xffff window]
[    0.504003] pci_bus 0000:00: root bus resource [mem 0x000a0000-0x000bffff window]
[    0.512003] pci_bus 0000:00: root bus resource [mem 0x40000000-0xfdffffff window]
[    0.516003] pci_bus 0000:00: root bus resource [bus 00-ff]
[    0.527366] pci 0000:00:01.1: legacy IDE quirk: reg 0x10: [io  0x01f0-0x01f7]
[    0.536003] pci 0000:00:01.1: legacy IDE quirk: reg 0x14: [io  0x03f6]
[    0.540003] pci 0000:00:01.1: legacy IDE quirk: reg 0x18: [io  0x0170-0x0177]
[    0.548003] pci 0000:00:01.1: legacy IDE quirk: reg 0x1c: [io  0x0376]
[    0.568038] pci 0000:00:07.0: quirk: [io  0x4000-0x403f] claimed by PIIX4 ACPI
[    0.576034] pci 0000:00:07.0: quirk: [io  0x4100-0x410f] claimed by PIIX4 SMB
[    0.587288] ACPI: PCI Interrupt Link [LNKA] (IRQs 5 9 10 *11)
[    0.592525] ACPI: PCI Interrupt Link [LNKB] (IRQs 5 9 *10 11)
[    0.600202] ACPI: PCI Interrupt Link [LNKC] (IRQs 5 *9 10 11)
[    0.604214] ACPI: PCI Interrupt Link [LNKD] (IRQs 5 9 10 *11)
[    0.608574] SCSI subsystem initialized
[    0.616036] pci 0000:00:02.0: vgaarb: setting as boot VGA device
[    0.620000] pci 0000:00:02.0: vgaarb: VGA device added: decodes=io+mem,owns=io+mem,locks=none
[    0.628003] pci 0000:00:02.0: vgaarb: bridge control possible
[    0.632002] vgaarb: loaded
[    0.636038] ACPI: bus type USB registered
[    0.636038] usbcore: registered new interface driver usbfs
[    0.644009] usbcore: registered new interface driver hub
[    0.648050] usbcore: registered new device driver usb
[    0.652524] EDAC MC: Ver: 3.0.0
[    0.656768] PCI: Using ACPI for IRQ routing
[    0.660637] NetLabel: Initializing
[    0.664002] NetLabel:  domain hash size = 128
[    0.668002] NetLabel:  protocols = UNLABELED CIPSOv4 CALIPSO
[    0.672010] NetLabel:  unlabeled traffic allowed by default
[    0.680143] clocksource: Switched to clocksource kvm-clock
[    0.732049] VFS: Disk quotas dquot_6.6.0
[    0.736907] VFS: Dquot-cache hash table entries: 512 (order 0, 4096 bytes)
[    0.743210] AppArmor: AppArmor Filesystem Enabled
[    0.747608] pnp: PnP ACPI init
[    0.752509] pnp: PnP ACPI: found 3 devices
[    0.790455] clocksource: acpi_pm: mask: 0xffffff max_cycles: 0xffffff, max_idle_ns: 2085701024 ns
[    0.797733] NET: Registered protocol family 2
[    0.802195] IP idents hash table entries: 16384 (order: 5, 131072 bytes)
[    0.808004] TCP established hash table entries: 8192 (order: 4, 65536 bytes)
[    0.814291] TCP bind hash table entries: 8192 (order: 5, 131072 bytes)
[    0.820336] TCP: Hash tables configured (established 8192 bind 8192)
[    0.826455] UDP hash table entries: 512 (order: 2, 16384 bytes)
[    0.831685] UDP-Lite hash table entries: 512 (order: 2, 16384 bytes)
[    0.837200] NET: Registered protocol family 1
[    0.841114] pci 0000:00:00.0: Limiting direct PCI/PCI transfers
[    0.846211] pci 0000:00:01.0: Activating ISA DMA hang workarounds
[    0.851676] pci 0000:00:02.0: Video device with shadowed ROM at [mem 0x000c0000-0x000dffff]
[    0.858922] Unpacking initramfs...
[    1.066849] Freeing initrd memory: 20416K
[    1.329808] clocksource: tsc: mask: 0xffffffffffffffff max_cycles: 0x310270c38c5, max_idle_ns: 440795297976 ns
[    1.338089] platform rtc_cmos: registered platform RTC device (no PNP device found)
[    1.344676] Scanning for low memory corruption every 60 seconds
[    1.351606] Initialise system trusted keyrings
[    1.355664] Key type blacklist registered
[    1.359820] workingset: timestamp_bits=36 max_order=18 bucket_order=0
[    1.367754] zbud: loaded
[    1.371615] squashfs: version 4.0 (2009/01/31) Phillip Lougher
[    1.377731] fuse init (API version 7.26)
[    1.406605] Key type asymmetric registered
[    1.410009] Asymmetric key parser 'x509' registered
[    1.414179] Block layer SCSI generic (bsg) driver version 0.4 loaded (major 246)
[    1.420735] io scheduler noop registered
[    1.423843] io scheduler deadline registered
[    1.427399] io scheduler cfq registered (default)
[    1.432127] ACPI: AC Adapter [AC] (on-line)
[    1.435743] input: Power Button as /devices/LNXSYSTM:00/LNXPWRBN:00/input/input0
[    1.442061] ACPI: Power Button [PWRF]
[    1.445496] input: Sleep Button as /devices/LNXSYSTM:00/LNXSLPBN:00/input/input1
[    1.451298] ACPI: Sleep Button [SLPF]
[    1.455602] Serial: 8250/16550 driver, 32 ports, IRQ sharing enabled
[    1.489179] 00:02: ttyS0 at I/O 0x3f8 (irq = 4, base_baud = 115200) is a 16550A
[    1.508671] Linux agpgart interface v0.103
[    1.517348] loop: module loaded
[    1.522018] scsi host0: ata_piix
[    1.525121] scsi host1: ata_piix
[    1.527772] ata1: PATA max UDMA/33 cmd 0x1f0 ctl 0x3f6 bmdma 0xd000 irq 14
[    1.533446] ata2: PATA max UDMA/33 cmd 0x170 ctl 0x376 bmdma 0xd008 irq 15
[    1.538941] tun: Universal TUN/TAP device driver, 1.6
[    1.543490] PPP generic driver version 2.4.2
[    1.547520] ehci_hcd: USB 2.0 'Enhanced' Host Controller (EHCI) Driver
[    1.552717] ehci-pci: EHCI PCI platform driver
[    1.556160] ehci-platform: EHCI generic platform driver
[    1.560404] ohci_hcd: USB 1.1 'Open' Host Controller (OHCI) Driver
[    1.564348] ohci-pci: OHCI PCI platform driver
[    1.568855] ohci-platform: OHCI generic platform driver
[    1.573083] uhci_hcd: USB Universal Host Controller Interface driver
[    1.578234] i8042: PNP: PS/2 Controller [PNP0303:PS2K,PNP0f03:PS2M] at 0x60,0x64 irq 1,12
[    1.587483] serio: i8042 KBD port at 0x60,0x64 irq 1
[    1.591593] serio: i8042 AUX port at 0x60,0x64 irq 12
[    1.596668] mousedev: PS/2 mouse device common for all mice
[    1.604759] rtc_cmos rtc_cmos: rtc core: registered rtc_cmos as rtc0
[    1.604841] input: AT Translated Set 2 keyboard as /devices/platform/i8042/serio0/input/input2
[    1.610496] rtc_cmos rtc_cmos: alarms up to one day, 114 bytes nvram
[    1.622153] i2c /dev entries driver
[    1.625456] device-mapper: uevent: version 1.0.3
[    1.629952] device-mapper: ioctl: 4.37.0-ioctl (2017-09-20) initialised: dm-devel@redhat.com
[    1.637262] ledtrig-cpu: registered to indicate activity on CPUs
[    1.644061] NET: Registered protocol family 10
[    1.655101] Segment Routing with IPv6
[    1.658893] NET: Registered protocol family 17
[    1.663383] Key type dns_resolver registered
[    1.667518] mce: Using 0 MCE banks
[    1.670364] RAS: Correctable Errors collector initialized.
[    1.674736] sched_clock: Marking stable (1674691738, 0)->(2262209451, -587517713)
[    1.683437] registered taskstats version 1
[    1.686934] Loading compiled-in X.509 certificates
[    1.694078] Loaded X.509 cert 'Build time autogenerated kernel key: cdc7189136aaa35407544516090e2034d9c28e14'
[    1.702273] Loaded X.509 cert 'Canonical Ltd. Live Patch Signing: 14df34d1a87cf37625abec039ef2bf521249b969'
[    1.710610] Loaded X.509 cert 'Canonical Ltd. Kernel Module Signing: 88f752e560a1e0737e31163a466ad7b70a850c19'
[    1.718520] blacklist: Loading compiled-in revocation X.509 certificates
[    1.723302] ata1.00: ATAPI: VBOX CD-ROM, 1.0, max UDMA/133
[    1.723811] Loaded X.509 cert 'Canonical Ltd. Secure Boot Signing: 61482aa2830d0ab2ad5af10b7250da9033ddcef0'
[    1.729719] ata1.00: configured for UDMA/33
[    1.735986] Loaded X.509 cert 'Canonical Ltd. Secure Boot Signing (2017): 242ade75ac4a15e50d50c84b0d45ff3eae707a03'
[    1.748365] Loaded X.509 cert 'Canonical Ltd. Secure Boot Signing (ESM 2018): 365188c1d374d6b07c3c8f240f8ef722433d6a8b'
[    1.757279] Loaded X.509 cert 'Canonical Ltd. Secure Boot Signing (2019): c0746fd6c5da3ae827864651ad66ae47fe24b3e8'
[    1.757360] scsi 0:0:0:0: CD-ROM            VBOX     CD-ROM           1.0  PQ: 0 ANSI: 5
[    1.765232] Loaded X.509 cert 'Canonical Ltd. Secure Boot Signing (2021 v1): a8d54bbb3825cfb94fa13c9f8a594a195c107b8d'
[    1.780796] Loaded X.509 cert 'Canonical Ltd. Secure Boot Signing (2021 v2): 4cf046892d6fd3c9a5b03f98d845f90851dc6a8c'
[    1.789656] Loaded X.509 cert 'Canonical Ltd. Secure Boot Signing (2021 v3): 100437bb6de6e469b581e61cd66bce3ef4ed53af'
[    1.798356] Loaded X.509 cert 'Canonical Ltd. Secure Boot Signing (Ubuntu Core 2019): c1d57b8f6b743f23ee41f4f7ee292f06eecadfb9'
[    1.798431] sr 0:0:0:0: [sr0] scsi3-mmc drive: 32x/32x xa/form2 tray
[    1.807092] zswap: loaded using pool lzo/zbud
[    1.812645] cdrom: Uniform CD-ROM driver Revision: 3.20
[    1.821544] sr 0:0:0:0: Attached scsi generic sg0 type 5
[    1.833931] Key type big_key registered
[    1.837139] Key type trusted registered
[    1.843524] Key type encrypted registered
[    1.846908] AppArmor: AppArmor sha1 policy hashing enabled
[    1.851407] ima: No TPM chip found, activating TPM-bypass! (rc=-19)
[    1.856468] ima: Allocated hash algorithm: sha1
[    1.860326] evm: HMAC attrs: 0x1
[    1.863457]   Magic number: 5:302:369
[    1.867050] rtc_cmos rtc_cmos: setting system clock to 2025-04-10 07:23:51 UTC (1744269831)
[    1.873945] BIOS EDD facility v0.16 2004-Jun-25, 0 devices found
[    1.878839] EDD information not available.
[    1.884527] Freeing unused kernel image memory: 2480K
[    1.908436] Write protecting the kernel read-only data: 20480k
[    1.913904] Freeing unused kernel image memory: 2008K
[    1.918176] Freeing unused kernel image memory: 1820K
[    1.925464] x86/mm: Checked W+X mappings: passed, no W+X pages found.
Loading, please wait...
starting version 237
[    1.996860] e1000: Intel(R) PRO/1000 Network Driver - version 7.3.21-k8-NAPI
[    2.002464] e1000: Copyright (c) 1999-2006 Intel Corporation.
[    2.018190] Fusion MPT base driver 3.04.20
[    2.022296] Copyright (c) 1999-2008 LSI Corporation
[    2.037760] vboxvideo: loading out-of-tree module taints kernel.
[    2.048688] SSE version of gcm_enc/dec engaged.
[    2.057052] vboxvideo: module verification failed: signature and/or required key missing - tainting kernel
[    2.066532] Fusion MPT SPI Host driver 3.04.20
[    2.074022] vboxvideo: loading version 7.1.6 r167084
[    2.589783] input: ImExPS/2 Generic Explorer Mouse as /devices/platform/i8042/serio1/input/input4
[    2.617586] e1000 0000:00:03.0 eth0: (PCI:33MHz:32-bit) 02:3b:7b:b7:3b:2d
[    2.623292] e1000 0000:00:03.0 eth0: Intel(R) PRO/1000 Network Connection
[    2.630587] mptbase: ioc0: Initiating bringup
[    2.631394] e1000 0000:00:03.0 enp0s3: renamed from eth0
[    2.768216] ioc0: LSI53C1030 A0: Capabilities={Initiator}
[    3.594938] scsi host2: ioc0: LSI53C1030 A0, FwRev=00000000h, Ports=1, MaxQ=256, IRQ=20
[    3.770288] scsi 2:0:0:0: Direct-Access     VBOX     HARDDISK         1.0  PQ: 0 ANSI: 5
[    3.770909] [drm] VRAM 01000000
[    3.780369] [TTM] Zone  kernel: Available graphics memory: 504258 kiB
[    3.785851] [TTM] Initializing pool allocator
[    3.789794] [TTM] Initializing DMA pool allocator
[    3.803195] fbcon: vboxdrmfb (fb0) is primary device
[    3.805182] Console: switching to colour frame buffer device 100x37
[    3.808138] scsi target2:0:0: Beginning Domain Validation
[    3.810719] vboxvideo 0000:00:02.0: fb0: vboxdrmfb frame buffer device
[    3.817651] scsi target2:0:0: Domain Validation skipping write tests
[    3.820474] scsi target2:0:0: Ending Domain Validation
[    3.822901] scsi target2:0:0: asynchronous
[    3.826131] scsi 2:0:1:0: Direct-Access     VBOX     HARDDISK         1.0  PQ: 0 ANSI: 5
[    3.828530] [drm] Initialized vboxvideo 1.0.0 20130823 for 0000:00:02.0 on minor 0
[    4.018396] scsi target2:0:1: Beginning Domain Validation
[    4.025952] scsi target2:0:1: Domain Validation skipping write tests
[    4.028790] scsi target2:0:1: Ending Domain Validation
[    4.031188] scsi target2:0:1: asynchronous
[    4.041230] sd 2:0:0:0: Attached scsi generic sg1 type 0
[    4.043926] sd 2:0:1:0: Attached scsi generic sg2 type 0
[    4.047386] sd 2:0:0:0: [sda] 83886080 512-byte logical blocks: (42.9 GB/40.0 GiB)
[    4.051347] sd 2:0:1:0: [sdb] 20480 512-byte logical blocks: (10.5 MB/10.0 MiB)
[    4.051436] sd 2:0:0:0: [sda] Write Protect is off
[    4.057361] sd 2:0:1:0: [sdb] Write Protect is off
[    4.057710] sd 2:0:0:0: [sda] Incomplete mode parameter data
[    4.062049] sd 2:0:0:0: [sda] Assuming drive cache: write through
[    4.065687] sd 2:0:1:0: [sdb] Incomplete mode parameter data
[    4.068277]  sda: sda1
[    4.068668] sd 2:0:1:0: [sdb] Assuming drive cache: write through
[    4.071478] sd 2:0:0:0: [sda] Attached SCSI disk
[    4.081867] sd 2:0:1:0: [sdb] Attached SCSI disk
Begin: Loading essential drivers ... [    4.667339] raid6: sse2x1   gen() 85680 MB/s
[    6.668511] raid6: sse2x1   xor() 313537 MB/s
[    8.671392] raid6: sse2x2   gen() 381085 MB/s
[   10.667847] raid6: sse2x2   xor() 399864 MB/s
[   10.720702] raid6: sse2x4   gen() 21841 MB/s
[   10.773245] raid6: sse2x4   xor() 11752 MB/s
[   10.775201] raid6: using algorithm sse2x2 gen() 381085 MB/s
[   10.777817] raid6: .... xor() 399864 MB/s, rmw enabled
[   10.780283] raid6: using ssse3x2 recovery algorithm
[   10.784126] xor: measuring software checksum speed
[   10.824227]    prefetch64-sse: 19969.000 MB/sec
[   10.864262]    generic_sse: 19321.000 MB/sec
[   10.866224] xor: using function: prefetch64-sse (19969.000 MB/sec)
[   10.870264] async_tx: api initialized (async)
done.
Begin: Running /scripts/init-premount ... done.
Begin: Mounting root file system ... Begin: Running /scripts/local-top ... done.
Begin: Running /scripts/local-premount ... [   10.912289] Btrfs loaded, crc32c=crc32c-intel
Scanning for Btrfs filesystems
done.
Begin: Will now check root file system ... fsck from util-linux 2.31.1
[/sbin/fsck.ext4 (1) -- /dev/sda1] fsck.ext4 -a -C0 /dev/sda1 
cloudimg-rootfs: clean, 114036/5120000 files, 825517/10485499 blocks
done.
[   11.011844] EXT4-fs (sda1): mounted filesystem with ordered data mode. Opts: (null)
done.
Begin: Running /scripts/local-bottom ... done.
Begin: Running /scripts/init-bottom ... done.
[   11.244345] ip_tables: (C) 2000-2006 Netfilter Core Team
[   11.258112] systemd[1]: systemd 237 running in system mode. (+PAM +AUDIT +SELINUX +IMA +APPARMOR +SMACK +SYSVINIT +UTMP +LIBCRYPTSETUP +GCRYPT +GNUTLS +ACL +XZ +LZ4 +SECCOMP +BLKID +ELFUTILS +KMOD -IDN2 +IDN -PCRE2 default-hierarchy=hybrid)
[   11.267857] systemd[1]: Detected virtualization oracle.
[   11.270488] systemd[1]: Detected architecture x86-64.

Welcome to [1mUbuntu 18.04.6 LTS[0m!

[   11.296510] systemd[1]: Set hostname to <ubuntu-bionic>.
[   11.649459] systemd[1]: Reached target System Time Synchronized.
[[0;32m  OK  [0m] Reached target System Time Synchronized.
[   11.654229] systemd[1]: Started Forward Password Requests to Wall Directory Watch.
[[0;32m  OK  [0m] Started Forward Password Requests to Wall Directory Watch.
[   11.667719] systemd[1]: Created slice System Slice.
[[0;32m  OK  [0m] Created slice System Slice.
[   11.671770] systemd[1]: Listening on LVM2 metadata daemon socket.
[[0;32m  OK  [0m] Listening on LVM2 metadata daemon socket.
[   11.676845] systemd[1]: Listening on Journal Socket.
[[0;32m  OK  [0m] Listening on Journal Socket.
[   11.681246] systemd[1]: Starting Set the console keyboard layout...
         Starting Set the console keyboard layout...
         Starting Uncomplicated firewall...
         Starting Create list of required stâ€¦ce nodes for the current kernel...
[[0;32m  OK  [0m] Created slice system-serial\x2dgetty.slice.
[[0;32m  OK  [0m] Listening on Syslog Socket.
         Mounting POSIX Message Queue File System...
[[0;32m  OK  [0m] Listening on /dev/initctl Compatibility Named Pipe.
[[0;32m  OK  [0m] Listening on Journal Socket (/dev/log).
[[0;32m  OK  [0m] Listening on Journal Audit Socket.
         Starting Journal Service...
[[0;32m  OK  [0m] Set up automount Arbitrary Executabâ€¦rmats File System Automount Point.
[[0;32m  OK  [0m] Listening on LVM2 poll daemon socket.
[[0;32m  OK  [0m] Listening on Network Service Netlink Socket.
[[0;32m  OK  [0m] Reached target Mounting snaps.
[[0;32m  OK  [0m] Reached target Mounted snaps.
[[0;32m  OK  [0m] Reached target Swap.
[[0;32m  OK  [0m] Created slice User and Session Slice.
[[0;32m  OK  [0m] Reached target Slices.
         Starting Load Kernel Modules...
[[0;32m  OK  [0m] Reached target User and Group Name Lookups.
[[0;32m  OK  [0m] Listening on udev Kernel Socket.
[[0;32m  OK  [0m] Listening on fsck to fsckd communication Socket.
         Starting Remount Root and Kernel File Systems...
[   11.770288] Loading iSCSI transport class v2.0-870.
[[0;32m  OK  [0m] Listening on udev Control Socket.
         Starting udev Coldplug all Devices...
[   11.782287] iscsi: registered transport (tcp)
         Mounting Kernel Debug File System...
[[0;32m  OK  [0m] Listening on Device-mapper event daemon FIFOs.
         Starting Monitoring of LVM2 mirrorsâ€¦ng dmeventd or progress polling...
         Mounting Huge Pages File System...
[[0;32m  OK  [0m] Started Journal Service.
[[0;32m  OK  [0m] Started Uncomplicated firewall.
[[0;32m  OK  [0m] Started Create list of required staâ€¦vice nodes for the current kernel.
[[0;32m  OK  [0m] Mounted POSIX Message Queue File System.
[   11.820275] EXT4-fs (sda1): re-mounted. Opts: (null)
[[0;32m  OK  [0m] Mounted Kernel Debug File System.
[[0;32m  OK  [0m] Started Remount Root and Kernel File Systems.
[[0;32m  OK  [0m] Mounted Huge Pages File System.
         Starting Load/Save Random Seed...
         Starting Create Static Device Nodes in /dev...
         Starting Flush Journal to Persistent Storage...
[[0;32m  OK  [0m] Started udev Coldplug all Devices.
[[0;32m  OK  [0m] Started Set the console keyboard layout.
[[0;32m  OK  [0m] Started LVM2 metadata daemon.
[[0;32m  OK  [0m] Started Load/Save Random Seed.
[[0;32m  OK  [0m] Started Create Static Device Nodes in /dev.
         Starting udev Kernel Device Manager...
[   11.922458] systemd-journald[407]: Received request to flush runtime journal from PID 1
[[0;32m  OK  [0m] Started udev Kernel Device Manager.
[[0;32m  OK  [0m] Started Dispatch Password Requests to Console Directory Watch.
[[0;32m  OK  [0m] Reached target Local Encrypted Volumes.
[[0;32m  OK  [0m] Started Monitoring of LVM2 mirrors,â€¦sing dmeventd or progress polling.
[[0;32m  OK  [0m] Reached target Local File Systems (Pre).
[[0;32m  OK  [0m] Reached target Local File Systems.
         [   12.020689] iscsi: registered transport (iser)
Starting AppArmor initialization...
         Starting Set console font and keymap...
         Starting Tell Plymouth To Write Out Runtime Data...
         Starting ebtables ruleset management...
[[0;32m  OK  [0m] Started Load Kernel Modules.
         Starting Apply Kernel Variables...
         Mounting FUSE Control File System...
         Mounting Kernel Configuration File System...
[[0;32m  OK  [0m] Mounted FUSE Control File System.
[[0;32m  OK  [0m] Mounted Kernel Configuration File System.
[[0;32m  OK  [0m] Started Set console font and keymap.
[[0;32m  OK  [0m] Started Tell Plymouth To Write Out Runtime Data.
[[0;32m  OK  [0m] Started Apply Kernel Variables.
[[0;32m  OK  [0m] Found device /dev/ttyS0.
[[0;32m  OK  [0m] Started Flush Journal to Persistent Storage.
         Starting Create Volatile Files and Directories...
[[0;32m  OK  [0m] Started Create Volatile Files and Directories.
         Starting Update UTMP about System Boot/Shutdown...
[[0;32m  OK  [0m] Started ebtables ruleset management.
[[0;32m  OK  [0m] Listening on Load/Save RF Kill Switch Status /dev/rfkill Watch.
[[0;32m  OK  [0m] Started Update UTMP about System Boot/Shutdown.
[[0;32m  OK  [0m] Started AppArmor initialization.
         Starting Load AppArmor profiles managed internally by snapd...
         Starting Initial cloud-init job (pre-networking)...
         Mounting Arbitrary Executable File Formats File System...
[[0;32m  OK  [0m] Mounted Arbitrary Executable File Formats File System.
[[0;32m  OK  [0m] Started Load AppArmor profiles managed internally by snapd.
[   14.140233] cloud-init[607]: Cloud-init v. 23.1.2-0ubuntu0~18.04.1 running 'init-local' at Thu, 10 Apr 2025 07:24:03 +0000. Up 13.94 seconds.
[[0;32m  OK  [0m] Started Initial cloud-init job (pre-networking).
[[0;32m  OK  [0m] Reached target Network (Pre).
         Starting Network Service...
[[0;32m  OK  [0m] Started Network Service.
         Starting Wait for Network to be Configured...
         Starting Network Name Resolution...
[[0;32m  OK  [0m] Started Network Name Resolution.
[[0;32m  OK  [0m] Reached target Host and Network Name Lookups.
[[0;32m  OK  [0m] Reached target Network.
[[0;32m  OK  [0m] Started Wait for Network to be Configured.
         Starting Initial cloud-init job (metadata service crawler)...
[   16.211503] cloud-init[688]: Cloud-init v. 23.1.2-0ubuntu0~18.04.1 running 'init' at Thu, 10 Apr 2025 07:24:05 +0000. Up 16.13 seconds.
[   16.215624] cloud-init[688]: ci-info: ++++++++++++++++++++++++++++++++++++++Net device info++++++++++++++++++++++++++++++++++++++
[   16.219275] cloud-init[688]: ci-info: +--------+------+----------------------------+---------------+--------+-------------------+
[   16.222782] cloud-init[688]: ci-info: | Device |  Up  |          Address           |      Mask     | Scope  |     Hw-Address    |
[   16.226359] cloud-init[688]: ci-info: +--------+------+----------------------------+---------------+--------+-------------------+
[   16.229975] cloud-init[688]: ci-info: | enp0s3 | True |         10.0.2.15          | 255.255.255.0 | global | 02:3b:7b:b7:3b:2d |
[   16.233577] cloud-init[688]: ci-info: | enp0s3 | True | fd00::3b:7bff:feb7:3b2d/64 |       .       | global | 02:3b:7b:b7:3b:2d |
[   16.237115] cloud-init[688]: ci-info: | enp0s3 | True | fe80::3b:7bff:feb7:3b2d/64 |       .       |  link  | 02:3b:7b:b7:3b:2d |
[   16.240754] cloud-init[688]: ci-info: |   lo   | True |         127.0.0.1          |   255.0.0.0   |  host  |         .         |
[   16.244331] cloud-init[688]: ci-info: |   lo   | True |          ::1/128           |       .       |  host  |         .         |
[   16.248196] cloud-init[688]: ci-info: +--------+------+----------------------------+---------------+--------+-------------------+
[   16.252139] cloud-init[688]: ci-info: ++++++++++++++++++++++++++++Route IPv4 info+++++++++++++++++++++++++++++
[   16.255323] cloud-init[688]: ci-info: +-------+-------------+----------+-----------------+-----------+-------+
[   16.258917] cloud-init[688]: ci-info: | Route | Destination | Gateway  |     Genmask     | Interface | Flags |
[   16.262028] cloud-init[688]: ci-info: +-------+-------------+----------+-----------------+-----------+-------+
[   16.265076] cloud-init[688]: ci-info: |   0   |   0.0.0.0   | 10.0.2.2 |     0.0.0.0     |   enp0s3  |   UG  |
[   16.268319] cloud-init[688]: ci-info: |   1   |   10.0.2.0  | 0.0.0.0  |  255.255.255.0  |   enp0s3  |   U   |
[   16.271423] cloud-init[688]: ci-info: |   2   |   10.0.2.2  | 0.0.0.0  | 255.255.255.255 |   enp0s3  |   UH  |
[   16.274546] cloud-init[688]: ci-info: +-------+-------------+----------+-----------------+-----------+-------+
[   16.277642] cloud-init[688]: ci-info: +++++++++++++++++++Route IPv6 info+++++++++++++++++++
[   16.280276] cloud-init[688]: ci-info: +-------+-------------+---------+-----------+-------+
[   16.282841] cloud-init[688]: ci-info: | Route | Destination | Gateway | Interface | Flags |
[   16.285585] cloud-init[688]: ci-info: +-------+-------------+---------+-----------+-------+
[   16.288268] cloud-init[688]: ci-info: |   1   |  fd00::/64  |    ::   |   enp0s3  |   U   |
[   16.290910] cloud-init[688]: ci-info: |   2   |  fe80::/64  |    ::   |   enp0s3  |   U   |
[   16.293440] cloud-init[688]: ci-info: |   3   |     ::/0    | fe80::2 |   enp0s3  |   UG  |
[   16.296120] cloud-init[688]: ci-info: |   5   |    local    |    ::   |   enp0s3  |   U   |
[   16.298871] cloud-init[688]: ci-info: |   6   |   ff00::/8  |    ::   |   enp0s3  |   U   |
[   16.301594] cloud-init[688]: ci-info: +-------+-------------+---------+-----------+-------+
[[0;32m  OK  [0m] Started Initial cloud-init job (metadata service crawler).
[[0;32m  OK  [0m] Reached target System Initialization.
         Starting LXD - unix socket.
         Starting Socket activation for snappy daemon.
[[0;32m  OK  [0m] Listening on cloud-init hotplug hook socket.
[[0;32m  OK  [0m] Listening on D-Bus System Message Bus Socket.
[[0;32m  OK  [0m] Listening on ACPID Listen Socket.
[[0;32m  OK  [0m] Started Message of the Day.
[[0;32m  OK  [0m] Listening on UUID daemon activation socket.
[[0;32m  OK  [0m] Started ACPI Events Check.
[[0;32m  OK  [0m] Reached target Paths.
[[0;32m  OK  [0m] Listening on Open-iSCSI iscsid Socket.
[[0;32m  OK  [0m] Started Discard unused blocks once a week.
[[0;32m  OK  [0m] Started Daily apt upgrade and clean activities.
[[0;32m  OK  [0m] Started Daily Cleanup of Temporary Directories.
[[0;32m  OK  [0m] Reached target Timers.
[[0;32m  OK  [0m] Reached target Cloud-config availability.
[[0;32m  OK  [0m] Reached target Network is Online.
[[0;32m  OK  [0m] Reached target Remote File Systems (Pre).
         Mounting /vagrant...
         Starting Availability of block devices...
[[0;32m  OK  [0m] Listening on LXD - unix socket.
[[0;32m  OK  [0m] Listening on Socket activation for snappy daemon.
[[0;32m  OK  [0m] Reached target Sockets.
[[0;32m  OK  [0m] Reached target Basic System.
         Starting LSB: Record successful boot for GRUB...
[[0;32m  OK  [0m] Started Deferred execution scheduler.
[[0;32m  OK  [0m] Started Regular background program processing daemon.
[[0;32m  OK  [0m] Started D-Bus System Message Bus.
         Starting Dispatcher daemon for systemd-networkd...
         Starting Login Service...
         Starting LXD - container startup/shutdown...
         Starting Snap Daemon...
         Starting System Logging Service...
[[0;32m  OK  [0m] Reached target Login Prompts (Pre).
[[0;32m  OK  [0m] Started irqbalance daemon.
[[0;32m  OK  [0m] Started FUSE filesystem for LXC.
         Starting Accounts Service...
         Starting vboxadd.service...
         Starting OpenBSD Secure Shell server...
[[0;32m  OK  [0m] Started System Logging Service.
[[0;32m  OK  [0m] Started Dispatcher daemon for systemd-networkd.
[[0;1;31mFAILED[0m] Failed to mount /vagrant.
See 'systemctl status vagrant.mount' for details.
[[0;1;33mDEPEND[0m] Dependency failed for Remote File Systems.
[[0;32m  OK  [0m] Started Availability of block devices.
[[0;32m  OK  [0m] Started LXD - container startup/shutdown.
[[0;32m  OK  [0m] Started Login Service.
[[0;32m  OK  [0m] Started OpenBSD Secure Shell server.
         Starting Authorization Manager...
[[0;32m  OK  [0m] Started Unattended Upgrades Shutdown.
         Starting Hostname Service...
         Starting LSB: automatic crash report generation...
         Starting Permit User Sessions...
[[0;32m  OK  [0m] Started Permit User Sessions.
         Starting Terminate Plymouth Boot Screen...
         Starting Hold until boot process finishes up...
[[0;32m  OK  [0m] Started Hold until boot process finishes up.
[[0;32m  OK  [0m] Started Terminate Plymouth Boot Screen.
         Starting Set console scheme...
[[0;32m  OK  [0m] Started Serial Getty on ttyS0.
[[0;32m  OK  [0m] Started Authorization Manager.
[[0;32m  OK  [0m] Started Accounts Service.
[[0;32m  OK  [0m] Started Set console scheme.
[[0;32m  OK  [0m] Started LSB: Record successful boot for GRUB.
[[0;32m  OK  [0m] Created slice system-getty.slice.
[[0;32m  OK  [0m] Started Getty on tty1.
[[0;32m  OK  [0m] Reached target Login Prompts.
[[0;32m  OK  [0m] Started LSB: automatic crash report generation.
[[0;32m  OK  [0m] Started Hostname Service.
[[0;32m  OK  [0m] Started vboxadd.service.
         Starting vboxadd-service.service...
[[0;32m  OK  [0m] Started Snap Daemon.
         Starting Wait until snapd is fully seeded...
         Starting Time & Date Service...
[[0;32m  OK  [0m] Started Time & Date Service.
[[0;32m  OK  [0m] Started vboxadd-service.service.
[[0;32m  OK  [0m] Started Wait until snapd is fully seeded.
[[0;32m  OK  [0m] Reached target Multi-User System.
[[0;32m  OK  [0m] Reached target Graphical Interface.
         Starting Update UTMP about System Runlevel Changes...
         Starting Apply the settings specified in cloud-config...
[[0;32m  OK  [0m] Started Update UTMP about System Runlevel Changes.
[   18.074874] cloud-init[1358]: Cloud-init v. 23.1.2-0ubuntu0~18.04.1 running 'modules:config' at Thu, 10 Apr 2025 07:24:07 +0000. Up 18.01 seconds.
[[0;32m  OK  [0m] Started Apply the settings specified in cloud-config.
         Starting Execute cloud user/final scripts...
[[0;32m  OK  [0m] Created slice User Slice of vagrant.
         Starting User Manager for UID 1000...
[[0;32m  OK  [0m] Started Session 1 of user vagrant.
[   18.426427] cloud-init[1404]: Cloud-init v. 23.1.2-0ubuntu0~18.04.1 running 'modules:final' at Thu, 10 Apr 2025 07:24:07 +0000. Up 18.35 seconds.
[   18.430393] cloud-init[1404]: Cloud-init v. 23.1.2-0ubuntu0~18.04.1 finished at Thu, 10 Apr 2025 07:24:08 +0000. Datasource DataSourceNoCloud [seed=/dev/sdb][dsmode=net].  Up 18.42 seconds
[[0;32m  OK  [0m] Started Execute cloud user/final scripts.
[[0;32m  OK  [0m] Reached target Cloud-init target.
[[0;32m  OK  [0m] Started User Manager for UID 1000.

Ubuntu 18.04.6 LTS ubuntu-bionic ttyS0

ubuntu-bionic login: 